<?xml version="1.0" encoding="utf-8"?><testsuites><testsuite name="pytest" errors="0" failures="0" skipped="0" tests="4" time="0.588" timestamp="2024-08-20T12:56:16.537998" hostname="ea5d8d0b3cc8"><testcase classname="tests.app.api.v1.test_demo" name="test_create_demo" time="0.183" /><testcase classname="tests.app.api.v1.test_demo" name="test_get_demo_list[1]" time="0.027" /><testcase classname="tests.app.api.v1.test_demo" name="test_get_demo_list[2]" time="0.029" /><testcase classname="tests.app.api.v1.test_monitoring" name="test_ping" time="0.030" /></testsuite></testsuites>